0 verbose cli C:\Program Files\nodejs\node.exe C:\Program Files\nodejs\node_modules\npm\bin\npm-cli.js
1 info using npm@10.1.0
2 info using node@v20.9.0
3 timing npm:load:whichnode Completed in 2ms
4 timing config:load:defaults Completed in 2ms
5 timing config:load:file:C:\Program Files\nodejs\node_modules\npm\npmrc Completed in 3ms
6 timing config:load:builtin Completed in 3ms
7 timing config:load:cli Completed in 1ms
8 timing config:load:env Completed in 1ms
9 timing config:load:file:C:\Users\Cyrel James Jose\Desktop\E-Store V2\estore_v2\.npmrc Completed in 0ms
10 timing config:load:project Completed in 1ms
11 timing config:load:file:C:\Users\Cyrel James Jose\.npmrc Completed in 0ms
12 timing config:load:user Completed in 0ms
13 timing config:load:file:C:\Users\Cyrel James Jose\AppData\Roaming\npm\etc\npmrc Completed in 0ms
14 timing config:load:global Completed in 0ms
15 timing config:load:setEnvs Completed in 0ms
16 timing config:load Completed in 9ms
17 timing npm:load:configload Completed in 9ms
18 timing config:load:flatten Completed in 1ms
19 timing npm:load:mkdirpcache Completed in 1ms
20 timing npm:load:mkdirplogs Completed in 1ms
21 verbose title npm run lint
22 verbose argv "--cache" ".npm-cache" "run" "lint"
23 timing npm:load:setTitle Completed in 1ms
24 timing npm:load:display Completed in 0ms
25 verbose logfile logs-max:10 dir:C:\Users\Cyrel James Jose\Desktop\E-Store V2\estore_v2\.npm-cache\_logs\2026-06-18T07_39_28_321Z-
26 verbose logfile C:\Users\Cyrel James Jose\Desktop\E-Store V2\estore_v2\.npm-cache\_logs\2026-06-18T07_39_28_321Z-debug-0.log
27 timing npm:load:logFile Completed in 6ms
28 timing npm:load:timers Completed in 0ms
29 timing npm:load:configScope Completed in 0ms
30 timing npm:load Completed in 42ms
31 silly logfile done cleaning log files
32 http fetch GET 200 https://registry.npmjs.org/npm 309ms (cache miss)
33 timing command:run Completed in 12791ms
34 notice
34 notice New major version of npm available! 10.1.0 -> 11.17.0
34 notice Changelog: <https://github.com/npm/cli/releases/tag/v11.17.0>
34 notice Run `npm install -g npm@11.17.0` to update!
34 notice
35 verbose exit 1
36 timing npm Completed in 12888ms
37 verbose code 1
